[backblue.gif]
[fade.gif]
[index.html]
[www.kalik.net/mladost/_derived/index.htm_cmp_poetic010_bnr.gif]
[www.kalik.net/mladost/_derived/home_cmp_poetic010_vbtn_p.gif]
[www.kalik.net/mladost/_derived/home_cmp_poetic010_vbtn_a.gif]
[www.kalik.net/mladost/_derived/takmicari.html_cmp_poetic010_vbtn.gif]
[www.kalik.net/mladost/_derived/takmicari.html_cmp_poetic010_vbtn_a.gif]
[www.kalik.net/mladost/_derived/sinhrono.html_cmp_poetic010_vbtn.gif]
[www.kalik.net/mladost/_derived/sinhrono.html_cmp_poetic010_vbtn_a.gif]
[www.kalik.net/mladost/_derived/skola-klizanja.html_cmp_poetic010_vbtn.gif]
[www.kalik.net/mladost/_derived/skola-klizanja.html_cmp_poetic010_vbtn_a.gif]
[www.kalik.net/mladost/_derived/trener.html_cmp_poetic010_vbtn.gif]
[www.kalik.net/mladost/_derived/trener.html_cmp_poetic010_vbtn_a.gif]
[www.kalik.net/mladost/_derived/galerija.html_cmp_poetic010_vbtn.gif]
[www.kalik.net/mladost/_derived/galerija.html_cmp_poetic010_vbtn_a.gif]
[www.kalik.net/mladost/_derived/contact.htm_cmp_poetic010_vbtn.gif]
[www.kalik.net/mladost/_derived/contact.htm_cmp_poetic010_vbtn_a.gif]
[www.kalik.net/mladost/Logo KK MLADOST gold2.jpg]
[www.kalik.net/mladost/index.html]
[www.kalik.net/mladost/_themes/poetic/poebanna.gif]
[www.kalik.net/mladost/_themes/poetic/poehorsa.gif]
[www.kalik.net/mladost/_themes/poetic/poebul1a.gif]
[www.kalik.net/mladost/_themes/poetic/poebul2a.gif]
[www.kalik.net/mladost/_themes/poetic/poebul3a.gif]
[www.kalik.net/mladost/_themes/poetic/poehbuda.gif]
[www.kalik.net/mladost/_themes/poetic/poehbuha.gif]
[www.kalik.net/mladost/_themes/poetic/poehbusa.gif]
[www.kalik.net/mladost/_themes/poetic/poevbuda.gif]
[www.kalik.net/mladost/_themes/poetic/poevbusa.gif]
[www.kalik.net/mladost/_themes/poetic/poevbuha.gif]
[www.kalik.net/mladost/_themes/poetic/poehomda.gif]
[www.kalik.net/mladost/_themes/poetic/poehomha.gif]
[www.kalik.net/mladost/_themes/poetic/poenexda.gif]
[www.kalik.net/mladost/_themes/poetic/poenexha.gif]
[www.kalik.net/mladost/_themes/poetic/poepreda.gif]
[www.kalik.net/mladost/_themes/poetic/poepreha.gif]
[www.kalik.net/mladost/_themes/poetic/poeupda.gif]
[www.kalik.net/mladost/_themes/poetic/poeupha.gif]
[www.kalik.net/mladost/_themes/poetic/poeglob.gif]
[www.kalik.net/mladost/_themes/poetic/poetextb.gif]
[www.kalik.net/mladost/_themes/poetic/poebul2d.gif]
[www.kalik.net/mladost/_themes/poetic/toolgrad.gif]
[www.kalik.net/mladost/_themes/poetic/dot.gif]
[www.kalik.net/mladost/_themes/poetic/blank.gif]
[www.kalik.net/mladost/_themes/poetic/poet1011.css]
[www.kalik.net/mladost/_derived/takmicari.html_cmp_poetic010_bnr.gif]
[www.kalik.net/mladost/_derived/home_cmp_poetic010_vbtn.gif]
[www.kalik.net/mladost/_derived/takmicari.html_cmp_poetic010_vbtn_p.gif]
[www.kalik.net/mladost/images/Mila_Petrovic-almanah.jpg]
[www.kalik.net/mladost/images/DSC00546.jpg]
[www.kalik.net/mladost/images/DSC00556.jpg]
[www.kalik.net/mladost/images/DSC00761.jpg]
[www.kalik.net/mladost/images/as.jpg]
[www.kalik.net/mladost/images/DSC01540.jpg]
[www.kalik.net/mladost/images/DSC00559.jpg]
[www.kalik.net/mladost/images/DSC01373.jpg]
[www.kalik.net/mladost/takmicari.html]
[www.kalik.net/mladost/_derived/sinhrono.html_cmp_poetic010_bnr.gif]
[www.kalik.net/mladost/_derived/sinhrono.html_cmp_poetic010_vbtn_p.gif]
[www.kalik.net/mladost/images/MLADOST synchronized skating.jpg]
[www.kalik.net/mladost/images/MLADOST synchronized skating-sinhrono klizanje.jpg]
[www.kalik.net/mladost/images/MLADOST synchronized skating,sinhrono klizanje.jpg]
[www.kalik.net/mladost/images/DSC07720.jpg]
[www.kalik.net/mladost/images/s.ske.jpg]
[www.kalik.net/mladost/images/j.tes.jpg]
[www.kalik.net/mladost/images/sn.ske.jpg]
[www.kalik.net/mladost/images/t.sim.jpg]
[www.kalik.net/mladost/images/a.ske.jpg]
[www.kalik.net/mladost/images/n.sim.jpg]
[www.kalik.net/mladost/images/m.mit.jpg]
[www.kalik.net/mladost/images/s.spa.jpg]
[www.kalik.net/mladost/images/j.jan.jpg]
[www.kalik.net/mladost/images/m.gas.jpg]
[www.kalik.net/mladost/images/i.pol.jpg]
[www.kalik.net/mladost/images/i.tob.jpg]
[www.kalik.net/mladost/images/m.pet.jpg]
[www.kalik.net/mladost/images/t.gas.jpg]
[www.kalik.net/mladost/images/v.mil.jpg]
[www.kalik.net/mladost/images/m.jan.jpg]
[www.kalik.net/mladost/images/a.pel.jpg]
[www.kalik.net/mladost/images/t.dac.jpg]
[www.kalik.net/mladost/images/ljubov petrovic.s.jpg]
[www.kalik.net/mladost/sinhrono.html]
[www.kalik.net/mladost/_derived/skola-klizanja.html_cmp_poetic010_bnr.gif]
[www.kalik.net/mladost/_derived/skola-klizanja.html_cmp_poetic010_vbtn_p.gif]
[www.kalik.net/mladost/images/MLADOST klizacki klub_najmladja grupa.jpg]
[www.kalik.net/mladost/images/mladost umetnicko klizanje-starija grupask.jpg]
[www.kalik.net/mladost/skola-klizanja.html]
[www.kalik.net/mladost/_derived/trener.html_cmp_poetic010_bnr.gif]
[www.kalik.net/mladost/_derived/trener.html_cmp_poetic010_vbtn_p.gif]
[www.kalik.net/mladost/images/Ljubov Petrovic.jpg]
[www.kalik.net/mladost/images/Ljubov Petrovic, Mila Petrovic.jpg]
[www.kalik.net/mladost/images/DSC352.jpg]
[www.kalik.net/mladost/trener.html]
[www.kalik.net/mladost/_derived/galerija.html_cmp_poetic010_bnr.gif]
[www.kalik.net/mladost/_derived/galerija.html_cmp_poetic010_vbtn_p.gif]
[www.kalik.net/mladost/images/Ljubov Petrovic i najmladje takmicarke.jpg]
[www.kalik.net/mladost/images/IMG_2913.jpg]
[www.kalik.net/mladost/images/IMG_2861.jpg]
[www.kalik.net/mladost/images/n4332.jpg]
[www.kalik.net/mladost/galerija.html]
[www.kalik.net/mladost/_derived/contact.htm_cmp_poetic010_bnr.gif]
[www.kalik.net/mladost/_derived/contact.htm_cmp_poetic010_vbtn_p.gif]
[www.kalik.net/mladost/images/umetnicko klizanje kkk mladost.jpg]
[www.kalik.net/mladost/images/DSC01584.jpg]
[www.kalik.net/mladost/images/DSC00053.jpg]
[www.kalik.net/mladost/images/rom.jgp.jpg]
[www.kalik.net/mladost/contact.html]
[www.kalik.net/mladost/SLIKE GALERIJA/_derived/Revija09.html_cmp_poetic010_bnr.gif]
[www.kalik.net/mladost/images/DSC01368.jpg]
[www.kalik.net/mladost/photogallery/photo00006512/DSC01368.jpg]
[www.kalik.net/mladost/images/DSC01371.jpg]
[www.kalik.net/mladost/photogallery/photo00006512/DSC01371.jpg]
[www.kalik.net/mladost/images/DSC01372.jpg]
[www.kalik.net/mladost/photogallery/photo00006512/DSC01372.jpg]
[www.kalik.net/mladost/photogallery/photo00006512/DSC01373.jpg]
[www.kalik.net/mladost/images/DSC01374.jpg]
[www.kalik.net/mladost/photogallery/photo00006512/DSC01374.jpg]
[www.kalik.net/mladost/images/DSC01375.jpg]
[www.kalik.net/mladost/photogallery/photo00006512/DSC01375.jpg]
[www.kalik.net/mladost/images/DSC01381.jpg]
[www.kalik.net/mladost/photogallery/photo00006512/DSC01381.jpg]
[www.kalik.net/mladost/images/DSC01382.jpg]
[www.kalik.net/mladost/photogallery/photo00006512/DSC01382.jpg]
[www.kalik.net/mladost/images/DSC01383.jpg]
[www.kalik.net/mladost/photogallery/photo00006512/DSC01383.jpg]
[www.kalik.net/mladost/images/DSC01385.jpg]
[www.kalik.net/mladost/photogallery/photo00006512/DSC01385.jpg]
[www.kalik.net/mladost/images/DSC01397.jpg]
[www.kalik.net/mladost/photogallery/photo00006512/DSC01397.jpg]
[www.kalik.net/mladost/images/DSC01399.jpg]
[www.kalik.net/mladost/photogallery/photo00006512/DSC01399.jpg]
[www.kalik.net/mladost/images/DSC01408.jpg]
[www.kalik.net/mladost/photogallery/photo00006512/DSC01408.jpg]
[www.kalik.net/mladost/photogallery/photo00006512/MLADOST klizacki klub_najmladja grupa.jpg]
[www.kalik.net/mladost/images/DSC01411.jpg]
[www.kalik.net/mladost/photogallery/photo00006512/DSC01411.jpg]
[www.kalik.net/mladost/images/DSC01412.jpg]
[www.kalik.net/mladost/photogallery/photo00006512/DSC01412.jpg]
[www.kalik.net/mladost/images/DSC01413.jpg]
[www.kalik.net/mladost/photogallery/photo00006512/DSC01413.jpg]
[www.kalik.net/mladost/images/DSC01425.jpg]
[www.kalik.net/mladost/photogallery/photo00006512/DSC01425.jpg]
[www.kalik.net/mladost/images/DSC01436.jpg]
[www.kalik.net/mladost/photogallery/photo00006512/DSC01436.jpg]
[www.kalik.net/mladost/images/DSC01444.jpg]
[www.kalik.net/mladost/photogallery/photo00006512/DSC01444.jpg]
[www.kalik.net/mladost/images/DSC01445.jpg]
[www.kalik.net/mladost/photogallery/photo00006512/DSC01445.jpg]
[www.kalik.net/mladost/images/DSC01446.jpg]
[www.kalik.net/mladost/photogallery/photo00006512/DSC01446.jpg]
[www.kalik.net/mladost/images/DSC01448.jpg]
[www.kalik.net/mladost/photogallery/photo00006512/DSC01448.jpg]
[www.kalik.net/mladost/images/DSC01454.jpg]
[www.kalik.net/mladost/photogallery/photo00006512/DSC01454.jpg]
[www.kalik.net/mladost/photogallery/photo00006512/mladost umetnicko klizanje-starija grupask.jpg]
[www.kalik.net/mladost/images/DSC01460.jpg]
[www.kalik.net/mladost/photogallery/photo00006512/DSC01460.jpg]
[www.kalik.net/mladost/images/DSC01471.jpg]
[www.kalik.net/mladost/photogallery/photo00006512/DSC01471.jpg]
[www.kalik.net/mladost/images/DSC01472.jpg]
[www.kalik.net/mladost/photogallery/photo00006512/DSC01472.jpg]
[www.kalik.net/mladost/images/DSC01473.jpg]
[www.kalik.net/mladost/photogallery/photo00006512/DSC01473.jpg]
[www.kalik.net/mladost/images/DSC01474.jpg]
[www.kalik.net/mladost/photogallery/photo00006512/DSC01474.jpg]
[www.kalik.net/mladost/images/DSC01477.jpg]
[www.kalik.net/mladost/photogallery/photo00006512/DSC01477.jpg]
[www.kalik.net/mladost/images/DSC01478.jpg]
[www.kalik.net/mladost/photogallery/photo00006512/DSC01478.jpg]
[www.kalik.net/mladost/images/DSC01480.jpg]
[www.kalik.net/mladost/photogallery/photo00006512/DSC01480.jpg]
[www.kalik.net/mladost/images/DSC01487.jpg]
[www.kalik.net/mladost/photogallery/photo00006512/DSC01487.jpg]
[www.kalik.net/mladost/images/DSC01489.jpg]
[www.kalik.net/mladost/photogallery/photo00006512/DSC01489.jpg]
[www.kalik.net/mladost/images/DSC01490.jpg]
[www.kalik.net/mladost/photogallery/photo00006512/DSC01490.jpg]
[www.kalik.net/mladost/images/DSC01492.jpg]
[www.kalik.net/mladost/photogallery/photo00006512/DSC01492.jpg]
[www.kalik.net/mladost/images/DSC01494.jpg]
[www.kalik.net/mladost/photogallery/photo00006512/DSC01494.jpg]
[www.kalik.net/mladost/images/DSC01496.jpg]
[www.kalik.net/mladost/photogallery/photo00006512/DSC01496.jpg]
[www.kalik.net/mladost/images/DSC01499.jpg]
[www.kalik.net/mladost/photogallery/photo00006512/DSC01499.jpg]
[www.kalik.net/mladost/images/DSC01500.jpg]
[www.kalik.net/mladost/photogallery/photo00006512/DSC01500.jpg]
[www.kalik.net/mladost/images/DSC01502.jpg]
[www.kalik.net/mladost/photogallery/photo00006512/DSC01502.jpg]
[www.kalik.net/mladost/images/DSC01503.jpg]
[www.kalik.net/mladost/photogallery/photo00006512/DSC01503.jpg]
[www.kalik.net/mladost/images/DSC01504.jpg]
[www.kalik.net/mladost/photogallery/photo00006512/DSC01504.jpg]
[www.kalik.net/mladost/images/DSC01505.jpg]
[www.kalik.net/mladost/photogallery/photo00006512/DSC01505.jpg]
[www.kalik.net/mladost/images/DSC01507.jpg]
[www.kalik.net/mladost/photogallery/photo00006512/DSC01507.jpg]
[www.kalik.net/mladost/images/DSC01509.jpg]
[www.kalik.net/mladost/photogallery/photo00006512/DSC01509.jpg]
[www.kalik.net/mladost/images/DSC01511.jpg]
[www.kalik.net/mladost/photogallery/photo00006512/DSC01511.jpg]
[www.kalik.net/mladost/images/Ljubov Petrovic i Mila Petrovic.jpg]
[www.kalik.net/mladost/photogallery/photo00006512/Ljubov Petrovic i Mila Petrovic.jpg]
[www.kalik.net/mladost/images/figure skating club MLADOST - klizacki klub MLADOST.jpg]
[www.kalik.net/mladost/photogallery/photo00006512/figure skating club MLADOST - klizacki klub MLADOST.jpg]
[www.kalik.net/mladost/images/DSC01512.jpg]
[www.kalik.net/mladost/photogallery/photo00006512/DSC01512.jpg]
[www.kalik.net/mladost/images/DSC01513.jpg]
[www.kalik.net/mladost/photogallery/photo00006512/DSC01513.jpg]
[www.kalik.net/mladost/images/DSC01515.jpg]
[www.kalik.net/mladost/photogallery/photo00006512/DSC01515.jpg]
[www.kalik.net/mladost/images/DSC01516.jpg]
[www.kalik.net/mladost/photogallery/photo00006512/DSC01516.jpg]
[www.kalik.net/mladost/images/DSC01517.jpg]
[www.kalik.net/mladost/photogallery/photo00006512/DSC01517.jpg]
[www.kalik.net/mladost/images/DSC01523.jpg]
[www.kalik.net/mladost/photogallery/photo00006512/DSC01523.jpg]
[www.kalik.net/mladost/images/DSC01526.jpg]
[www.kalik.net/mladost/photogallery/photo00006512/DSC01526.jpg]
[www.kalik.net/mladost/images/DSC01527.jpg]
[www.kalik.net/mladost/photogallery/photo00006512/DSC01527.jpg]
[www.kalik.net/mladost/images/DSC01532.jpg]
[www.kalik.net/mladost/photogallery/photo00006512/DSC01532.jpg]
[www.kalik.net/mladost/photogallery/photo00006512/DSC352.jpg]
[www.kalik.net/mladost/SLIKE GALERIJA/Revija09.html]
[www.kalik.net/mladost/_derived/BgdTrofej09.htm_cmp_poetic010_bnr.gif]
[www.kalik.net/mladost/DSC01539.jpg]
[www.kalik.net/mladost/photogallery/photo00020793/DSC1540.jpg]
[www.kalik.net/mladost/DSC01568.jpg]
[www.kalik.net/mladost/photogallery/photo00020793/DSC01568.jpg]
[www.kalik.net/mladost/DSC01572.jpg]
[www.kalik.net/mladost/photogallery/photo00020793/DSC1573.jpg]
[www.kalik.net/mladost/images/Ljubov Petrovic ..jpg]
[www.kalik.net/mladost/photogallery/photo00020793/Ljubov Petrovic ..jpg]
[www.kalik.net/mladost/DSC01554.jpg]
[www.kalik.net/mladost/photogallery/photo00020793/DSC01554.jpg]
[www.kalik.net/mladost/BgdTrofej09.html]
[www.kalik.net/mladost/_derived/SvJuniorsko09.htm_cmp_poetic010_bnr.gif]
[www.kalik.net/mladost/images/Sofia_2009JuniorWorldFigureSkating_Mila Petrovic, Ljubov Petrovic.jpg]
[www.kalik.net/mladost/photogallery/photo00008733/Sofia_2009JuniorWorldFigureSkating_Mila Petrovic, Ljubov Petrovic.jpg]
[www.kalik.net/mladost/images/_B1H2599.jpg]
[www.kalik.net/mladost/photogallery/photo00008733/_B1H2599.jpg]
[www.kalik.net/mladost/images/Mila Petrovic_SofiaJuniorworld.jpg]
[www.kalik.net/mladost/photogallery/photo00008733/Mila Petrovic_SofiaJuniorworld.jpg]
[www.kalik.net/mladost/images/_B1H2622.jpg]
[www.kalik.net/mladost/photogallery/photo00008733/_B1H2622.jpg]
[www.kalik.net/mladost/images/MilaPetrovic,LjubovPetrovic,Sofia-juniorworld.jpg]
[www.kalik.net/mladost/photogallery/photo00008733/MilaPetrovic,LjubovPetrovic,Sofia-juniorworld.jpg]
[www.kalik.net/mladost/images/_B1H2648.jpg]
[www.kalik.net/mladost/photogallery/photo00008733/_B1H2648.jpg]
[www.kalik.net/mladost/images/DSC01044.jpg]
[www.kalik.net/mladost/photogallery/photo00008733/DSC01044.jpg]
[www.kalik.net/mladost/images/DSC01047.jpg]
[www.kalik.net/mladost/photogallery/photo00008733/DSC01047.jpg]
[www.kalik.net/mladost/photogallery/photo00008733/Ljubov Petrovic, Mila Petrovic.jpg]
[www.kalik.net/mladost/images/DSC01085.jpg]
[www.kalik.net/mladost/photogallery/photo00008733/DSC01085.jpg]
[www.kalik.net/mladost/images/DSC01185.jpg]
[www.kalik.net/mladost/photogallery/photo00008733/DSC01185.jpg]
[www.kalik.net/mladost/images/DSC01194.jpg]
[www.kalik.net/mladost/photogallery/photo00008733/DSC01194.jpg]
[www.kalik.net/mladost/images/DSC01223.jpg]
[www.kalik.net/mladost/photogallery/photo00008733/DSC01223.jpg]
[www.kalik.net/mladost/images/DSC01207.jpg]
[www.kalik.net/mladost/photogallery/photo00008733/DSC01207.jpg]
[www.kalik.net/mladost/images/DSC01174.jpg]
[www.kalik.net/mladost/photogallery/photo00008733/DSC01174.jpg]
[www.kalik.net/mladost/SvJuniorsko09.html]
[www.kalik.net/mladost/_derived/HelenaCup09.html_cmp_poetic010_bnr.gif]
[www.kalik.net/mladost/images/DSC01009.jpg]
[www.kalik.net/mladost/photogallery/photo00015080/DSC01009.jpg]
[www.kalik.net/mladost/images/DSC01008.jpg]
[www.kalik.net/mladost/photogallery/photo00015080/DSC01008.jpg]
[www.kalik.net/mladost/photogallery/photo00015080/Ljubov Petrovic i najmladje takmicarke.jpg]
[www.kalik.net/mladost/images/DSC01014.jpg]
[www.kalik.net/mladost/photogallery/photo00015080/DSC01014.jpg]
[www.kalik.net/mladost/images/DSC01015.jpg]
[www.kalik.net/mladost/photogallery/photo00015080/DSC01015.jpg]
[www.kalik.net/mladost/images/DSC01017.jpg]
[www.kalik.net/mladost/photogallery/photo00015080/DSC01017.jpg]
[www.kalik.net/mladost/HelenaCup09.html]
[www.kalik.net/mladost/_derived/Revija07.html_cmp_poetic010_bnr.gif]
[www.kalik.net/mladost/images/IMG_1683.jpg]
[www.kalik.net/mladost/photogallery/photo00026011/IMG_1683.jpg]
[www.kalik.net/mladost/images/IMG_1684.jpg]
[www.kalik.net/mladost/photogallery/photo00026011/IMG_1684.jpg]
[www.kalik.net/mladost/images/IMG_1687.jpg]
[www.kalik.net/mladost/photogallery/photo00026011/IMG_1687.jpg]
[www.kalik.net/mladost/images/IMG_1688.jpg]
[www.kalik.net/mladost/photogallery/photo00026011/IMG_1688.jpg]
[www.kalik.net/mladost/images/IMG_1690.jpg]
[www.kalik.net/mladost/photogallery/photo00026011/IMG_1690.jpg]
[www.kalik.net/mladost/images/IMG_1691.jpg]
[www.kalik.net/mladost/photogallery/photo00026011/IMG_1691.jpg]
[www.kalik.net/mladost/images/IMG_1692.jpg]
[www.kalik.net/mladost/photogallery/photo00026011/IMG_1692.jpg]
[www.kalik.net/mladost/images/IMG_1694.jpg]
[www.kalik.net/mladost/photogallery/photo00026011/IMG_1694.jpg]
[www.kalik.net/mladost/images/IMG_1703.jpg]
[www.kalik.net/mladost/photogallery/photo00026011/IMG_1703.jpg]
[www.kalik.net/mladost/images/IMG_1704.jpg]
[www.kalik.net/mladost/photogallery/photo00026011/IMG_1704.jpg]
[www.kalik.net/mladost/images/IMG_1716.jpg]
[www.kalik.net/mladost/photogallery/photo00026011/IMG_1716.jpg]
[www.kalik.net/mladost/images/IMG_1710.jpg]
[www.kalik.net/mladost/photogallery/photo00026011/IMG_1710.jpg]
[www.kalik.net/mladost/images/IMG_1713.jpg]
[www.kalik.net/mladost/photogallery/photo00026011/IMG_1713.jpg]
[www.kalik.net/mladost/images/IMG_1714.jpg]
[www.kalik.net/mladost/photogallery/photo00026011/IMG_1714.jpg]
[www.kalik.net/mladost/images/IMG_1697.jpg]
[www.kalik.net/mladost/photogallery/photo00026011/IMG_1697.jpg]
[www.kalik.net/mladost/images/IMG_1717.jpg]
[www.kalik.net/mladost/photogallery/photo00026011/IMG_1717.jpg]
[www.kalik.net/mladost/Revija07.html]
[www.kalik.net/mladost/_derived/DryavnoNS.html_cmp_poetic010_bnr.gif]
[www.kalik.net/mladost/images/DSC05814mala.jpg]
[www.kalik.net/mladost/photogallery/photo00013177/DSC05814mala.jpg]
[www.kalik.net/mladost/images/IMG_2536.jpg]
[www.kalik.net/mladost/photogallery/photo00013177/IMG_2536.jpg]
[www.kalik.net/mladost/images/IMG_2539.jpg]
[www.kalik.net/mladost/photogallery/photo00013177/IMG_2539.jpg]
[www.kalik.net/mladost/images/IMG_2543b.jpg]
[www.kalik.net/mladost/photogallery/photo00013177/IMG_2543b.jpg]
[www.kalik.net/mladost/images/mia a laura.jpg]
[www.kalik.net/mladost/photogallery/photo00013177/mia a laura.jpg]
[www.kalik.net/mladost/images/IMG_2549v.jpg]
[www.kalik.net/mladost/photogallery/photo00013177/IMG_2549v.jpg]
[www.kalik.net/mladost/images/DSC05835.jpg]
[www.kalik.net/mladost/photogallery/photo00013177/DSC05835.jpg]
[www.kalik.net/mladost/images/drzavno_prvenstvo08-mila petrovic 1, tea gastan 3.jpg]
[www.kalik.net/mladost/photogallery/photo00013177/drzavno_prvenstvo08-mila petrovic 1, tea gastan 3.jpg]
[www.kalik.net/mladost/images/DSC05824.jpg]
[www.kalik.net/mladost/photogallery/photo00013177/DSC05824.jpg]
[www.kalik.net/mladost/DryavnoNS.html]
[www.kalik.net/mladost/_derived/beograd07.html_cmp_poetic010_bnr.gif]
[www.kalik.net/mladost/images/IMG_1670.jpg]
[www.kalik.net/mladost/photogallery/photo00015844/IMG_1670.jpg]
[www.kalik.net/mladost/images/IMG_1676.jpg]
[www.kalik.net/mladost/photogallery/photo00015844/IMG_1676.jpg]
[www.kalik.net/mladost/images/IMG_1678.jpg]
[www.kalik.net/mladost/photogallery/photo00015844/IMG_1678.jpg]
[www.kalik.net/mladost/images/noviceSihrono2007.jpg]
[www.kalik.net/mladost/photogallery/photo00015844/noviceSihrono2007.jpg]
[www.kalik.net/mladost/beograd07.html]
[www.kalik.net/mladost/_derived/Rozmaring.html_cmp_poetic010_bnr.gif]
[www.kalik.net/mladost/images/IMG_4104.jpg]
[www.kalik.net/mladost/photogallery/photo00001008/IMG_4104.jpg]
[www.kalik.net/mladost/images/IMG_4061.jpg]
[www.kalik.net/mladost/photogallery/photo00001008/IMG_4061.jpg]
[www.kalik.net/mladost/images/mila petrovic2.jpg]
[www.kalik.net/mladost/photogallery/photo00001008/mila petrovic2.jpg]
[www.kalik.net/mladost/images/DSC00779.jpg]
[www.kalik.net/mladost/photogallery/photo00001008/DSC00779.jpg]
[www.kalik.net/mladost/images/DSC00781.jpg]
[www.kalik.net/mladost/photogallery/photo00001008/DSC00781.jpg]
[www.kalik.net/mladost/images/DSC00806.jpg]
[www.kalik.net/mladost/photogallery/photo00001008/DSC00806.jpg]
[www.kalik.net/mladost/images/DSC00840.jpg]
[www.kalik.net/mladost/photogallery/photo00001008/DSC00840.jpg]
[www.kalik.net/mladost/images/DSC00796.jpg]
[www.kalik.net/mladost/photogallery/photo00001008/DSC00796.jpg]
[www.kalik.net/mladost/images/DSC00844.jpg]
[www.kalik.net/mladost/photogallery/photo00001008/DSC00844.jpg]
[www.kalik.net/mladost/images/DSC00848.jpg]
[www.kalik.net/mladost/photogallery/photo00001008/DSC00848.jpg]
[www.kalik.net/mladost/Rozmaring.html]
[www.kalik.net/mladost/_derived/GB.html_cmp_poetic010_bnr.gif]
[www.kalik.net/mladost/images/IMG_2494.jpg]
[www.kalik.net/mladost/photogallery/photo00001531/IMG_2494.jpg]
[www.kalik.net/mladost/images/IMG_2501.jpg]
[www.kalik.net/mladost/photogallery/photo00001531/IMG_2501.jpg]
[www.kalik.net/mladost/GB.html]
[www.kalik.net/mladost/_derived/novisad07.html_cmp_poetic010_bnr.gif]
[www.kalik.net/mladost/images/IMG_2582.jpg]
[www.kalik.net/mladost/photogallery/photo00012794/IMG_2582.jpg]
[www.kalik.net/mladost/images/IMG_2584.jpg]
[www.kalik.net/mladost/photogallery/photo00012794/IMG_2584.jpg]
[www.kalik.net/mladost/images/IMG_2585.jpg]
[www.kalik.net/mladost/photogallery/photo00012794/IMG_2585.jpg]
[www.kalik.net/mladost/images/IMG_2586.jpg]
[www.kalik.net/mladost/photogallery/photo00012794/IMG_2586.jpg]
[www.kalik.net/mladost/images/IMG_2588.jpg]
[www.kalik.net/mladost/photogallery/photo00012794/IMG_2588.jpg]
[www.kalik.net/mladost/images/IMG_2590.jpg]
[www.kalik.net/mladost/photogallery/photo00012794/IMG_2590.jpg]
[www.kalik.net/mladost/images/IMG_2591.jpg]
[www.kalik.net/mladost/photogallery/photo00012794/IMG_2591.jpg]
[www.kalik.net/mladost/images/IMG_2592.jpg]
[www.kalik.net/mladost/photogallery/photo00012794/IMG_2592.jpg]
[www.kalik.net/mladost/images/IMG_2593.jpg]
[www.kalik.net/mladost/photogallery/photo00012794/IMG_2593.jpg]
[www.kalik.net/mladost/images/IMG_2594.jpg]
[www.kalik.net/mladost/photogallery/photo00012794/IMG_2594.jpg]
[www.kalik.net/mladost/images/IMG_2595.jpg]
[www.kalik.net/mladost/photogallery/photo00012794/IMG_2595.jpg]
[www.kalik.net/mladost/images/IMG_2597.jpg]
[www.kalik.net/mladost/photogallery/photo00012794/IMG_2597.jpg]
[www.kalik.net/mladost/images/IMG_2598.jpg]
[www.kalik.net/mladost/photogallery/photo00012794/IMG_2598.jpg]
[www.kalik.net/mladost/images/IMG_2599.jpg]
[www.kalik.net/mladost/photogallery/photo00012794/IMG_2599.jpg]
[www.kalik.net/mladost/images/IMG_2600.jpg]
[www.kalik.net/mladost/photogallery/photo00012794/IMG_2600.jpg]
[www.kalik.net/mladost/images/IMG_2601.jpg]
[www.kalik.net/mladost/photogallery/photo00012794/IMG_2601.jpg]
[www.kalik.net/mladost/novisad07.html]
[www.kalik.net/mladost/_derived/BIH.html_cmp_poetic010_bnr.gif]
[www.kalik.net/mladost/images/na pauzi.jpg]
[www.kalik.net/mladost/photogallery/photo00005543/na pauzi.jpg]
[www.kalik.net/mladost/images/nasa podrska.jpg]
[www.kalik.net/mladost/photogallery/photo00005543/nasa podrska.jpg]
[www.kalik.net/mladost/images/u svlacionici.jpg]
[www.kalik.net/mladost/photogallery/photo00005543/u svlacionici.jpg]
[www.kalik.net/mladost/images/u busu.jpg]
[www.kalik.net/mladost/photogallery/photo00005543/u busu.jpg]
[www.kalik.net/mladost/BIH.html]
[www.kalik.net/mladost/_derived/Rumunija07.html_cmp_poetic010_bnr.gif]
[www.kalik.net/mladost/images/alex,ja,valerija i tea.jpg]
[www.kalik.net/mladost/photogallery/photo00020642/alex,ja,valerija i tea.jpg]
[www.kalik.net/mladost/images/IMG_2334.jpg]
[www.kalik.net/mladost/photogallery/photo00020642/IMG_2334.jpg]
[www.kalik.net/mladost/images/na ledu sa bugarkama.jpg]
[www.kalik.net/mladost/photogallery/photo00020642/na ledu sa bugarkama.jpg]
[www.kalik.net/mladost/Rumunija07.html]
[www.kalik.net/mladost/_derived/Sofija05.html_cmp_poetic010_bnr.gif]
[www.kalik.net/mladost/images/DSCF0505.jpg]
[www.kalik.net/mladost/photogallery/photo00019535/DSCF0505.jpg]
[www.kalik.net/mladost/images/DSCF0533.jpg]
[www.kalik.net/mladost/photogallery/photo00019535/DSCF0533.jpg]
[www.kalik.net/mladost/images/DSCF0534.jpg]
[www.kalik.net/mladost/photogallery/photo00019535/DSCF0534.jpg]
[www.kalik.net/mladost/images/DSCF0542.jpg]
[www.kalik.net/mladost/photogallery/photo00019535/DSCF0542.jpg]
[www.kalik.net/mladost/images/DSCF0558.jpg]
[www.kalik.net/mladost/photogallery/photo00019535/DSCF0558.jpg]
[www.kalik.net/mladost/images/DSCF0559.jpg]
[www.kalik.net/mladost/photogallery/photo00019535/DSCF0559.jpg]
[www.kalik.net/mladost/Sofija05.html]
[www.kalik.net/mladost/_derived/snowflakes05.html_cmp_poetic010_bnr.gif]
[www.kalik.net/mladost/images/18.krug.jpg]
[www.kalik.net/mladost/photogallery/photo00028745/18.krug.jpg]
[www.kalik.net/mladost/images/19. otvoreni blok.jpg]
[www.kalik.net/mladost/photogallery/photo00028745/19. otvoreni blok.jpg]
[www.kalik.net/mladost/images/22. krov.jpg]
[www.kalik.net/mladost/photogallery/photo00028745/22. krov.jpg]
[www.kalik.net/mladost/images/P5290245.jpg]
[www.kalik.net/mladost/photogallery/photo00028745/P5290245.jpg]
[www.kalik.net/mladost/images/P5290249.jpg]
[www.kalik.net/mladost/photogallery/photo00028745/P5290249.jpg]
[www.kalik.net/mladost/images/P5290253.jpg]
[www.kalik.net/mladost/photogallery/photo00028745/P5290253.jpg]
[www.kalik.net/mladost/images/P5290254.jpg]
[www.kalik.net/mladost/photogallery/photo00028745/P5290254.jpg]
[www.kalik.net/mladost/images/P5290256.jpg]
[www.kalik.net/mladost/photogallery/photo00028745/P5290256.jpg]
[www.kalik.net/mladost/images/P5290260.jpg]
[www.kalik.net/mladost/photogallery/photo00028745/P5290260.jpg]
[www.kalik.net/mladost/images/P5300265.jpg]
[www.kalik.net/mladost/photogallery/photo00028745/P5300265.jpg]
[www.kalik.net/mladost/images/P5300271.jpg]
[www.kalik.net/mladost/photogallery/photo00028745/P5300271.jpg]
[www.kalik.net/mladost/images/P5300281.jpg]
[www.kalik.net/mladost/photogallery/photo00028745/P5300281.jpg]
[www.kalik.net/mladost/images/P5300282.jpg]
[www.kalik.net/mladost/photogallery/photo00028745/P5300282.jpg]
[www.kalik.net/mladost/snowflakes05.html]
[www.kalik.net/mladost/_derived/rumunija05.html_cmp_poetic010_bnr.gif]
[www.kalik.net/mladost/images/mngmhgfv.jpg]
[www.kalik.net/mladost/photogallery/photo00025421/mngmhgfv.jpg]
[www.kalik.net/mladost/images/US2x2-2 edit.jpg]
[www.kalik.net/mladost/photogallery/photo00025421/US2x2-2 edit.jpg]
[www.kalik.net/mladost/rumunija05.html]
[www.kalik.net/mladost/_derived/NoviSad08.html_cmp_poetic010_bnr.gif]
[www.kalik.net/mladost/images/DSC00719.jpg]
[www.kalik.net/mladost/photogallery/photo00012381/DSC00719.jpg]
[www.kalik.net/mladost/images/DSC00721.jpg]
[www.kalik.net/mladost/photogallery/photo00012381/DSC00721.jpg]
[www.kalik.net/mladost/images/DSC00723.jpg]
[www.kalik.net/mladost/photogallery/photo00012381/DSC00723.jpg]
[www.kalik.net/mladost/images/DSC00732.jpg]
[www.kalik.net/mladost/photogallery/photo00012381/DSC00732.jpg]
[www.kalik.net/mladost/images/DSC00737.jpg]
[www.kalik.net/mladost/photogallery/photo00012381/DSC00737.jpg]
[www.kalik.net/mladost/images/DSC00741.jpg]
[www.kalik.net/mladost/photogallery/photo00012381/DSC00741.jpg]
[www.kalik.net/mladost/images/DSC00755.jpg]
[www.kalik.net/mladost/photogallery/photo00012381/DSC00755.jpg]
[www.kalik.net/mladost/photogallery/photo00012381/DSC00761.jpg]
[www.kalik.net/mladost/images/DSC00766.jpg]
[www.kalik.net/mladost/photogallery/photo00012381/DSC00766.jpg]
[www.kalik.net/mladost/NoviSad08.html]
[www.kalik.net/mladost/_derived/Gomel08.html_cmp_poetic010_bnr.gif]
[www.kalik.net/mladost/images/2.jpg]
[www.kalik.net/mladost/photogallery/photo00027745/2.jpg]
[www.kalik.net/mladost/images/3.jpg]
[www.kalik.net/mladost/photogallery/photo00027745/3.jpg]
[www.kalik.net/mladost/images/5.jpg]
[www.kalik.net/mladost/photogallery/photo00027745/5.jpg]
[www.kalik.net/mladost/images/9.jpg]
[www.kalik.net/mladost/photogallery/photo00027745/9.jpg]
[www.kalik.net/mladost/images/10.jpg]
[www.kalik.net/mladost/photogallery/photo00027745/10.jpg]
[www.kalik.net/mladost/images/19.jpg]
[www.kalik.net/mladost/photogallery/photo00027745/19.jpg]
[www.kalik.net/mladost/images/20.jpg]
[www.kalik.net/mladost/photogallery/photo00027745/20.jpg]
[www.kalik.net/mladost/images/24.jpg]
[www.kalik.net/mladost/photogallery/photo00027745/24.jpg]
[www.kalik.net/mladost/images/32.jpg]
[www.kalik.net/mladost/photogallery/photo00027745/32.jpg]
[www.kalik.net/mladost/images/IMG_4689.jpg]
[www.kalik.net/mladost/photogallery/photo00027745/IMG_4689.jpg]
[www.kalik.net/mladost/images/IMG_4693.jpg]
[www.kalik.net/mladost/photogallery/photo00027745/IMG_4693.jpg]
[www.kalik.net/mladost/Gomel08.html]
[www.kalik.net/mladost/_derived/Merano08.html_cmp_poetic010_bnr.gif]
[www.kalik.net/mladost/images/IMG_4527.jpg]
[www.kalik.net/mladost/photogallery/photo00007645/IMG_4527.jpg]
[www.kalik.net/mladost/images/IMG_4529.jpg]
[www.kalik.net/mladost/photogallery/photo00007645/IMG_4529.jpg]
[www.kalik.net/mladost/images/IMG_4400.jpg]
[www.kalik.net/mladost/photogallery/photo00007645/IMG_4400.jpg]
[www.kalik.net/mladost/images/IMG_4330.jpg]
[www.kalik.net/mladost/photogallery/photo00007645/IMG_4330.jpg]
[www.kalik.net/mladost/images/IMG_4383.jpg]
[www.kalik.net/mladost/photogallery/photo00007645/IMG_4383.jpg]
[www.kalik.net/mladost/images/IMG_4388.jpg]
[www.kalik.net/mladost/photogallery/photo00007645/IMG_4388.jpg]
[www.kalik.net/mladost/images/IMG_4385.jpg]
[www.kalik.net/mladost/photogallery/photo00007645/IMG_4385.jpg]
[www.kalik.net/mladost/images/IMG_4433.jpg]
[www.kalik.net/mladost/photogallery/photo00007645/IMG_4433.jpg]
[www.kalik.net/mladost/images/IMG_4439.jpg]
[www.kalik.net/mladost/photogallery/photo00007645/IMG_4439.jpg]
[www.kalik.net/mladost/images/IMG_4441.jpg]
[www.kalik.net/mladost/photogallery/photo00007645/IMG_4441.jpg]
[www.kalik.net/mladost/images/IMG_4443.jpg]
[www.kalik.net/mladost/photogallery/photo00007645/IMG_4443.jpg]
[www.kalik.net/mladost/images/IMG_4446.jpg]
[www.kalik.net/mladost/photogallery/photo00007645/IMG_4446.jpg]
[www.kalik.net/mladost/images/IMG_4452.jpg]
[www.kalik.net/mladost/photogallery/photo00007645/IMG_4452.jpg]
[www.kalik.net/mladost/Merano08.html]
[www.kalik.net/mladost/_derived/Turska.html_cmp_poetic010_bnr.gif]
[www.kalik.net/mladost/images/BEN_0043.jpg]
[www.kalik.net/mladost/photogallery/photo00021256/BEN_0043.jpg]
[www.kalik.net/mladost/images/mila petrovic-balkancup.jpg]
[www.kalik.net/mladost/photogallery/photo00021256/mila petrovic-balkancup.jpg]
[www.kalik.net/mladost/images/BEN_8226.jpg]
[www.kalik.net/mladost/photogallery/photo00021256/BEN_8226.jpg]
[www.kalik.net/mladost/images/BEN_8233.jpg]
[www.kalik.net/mladost/photogallery/photo00021256/BEN_8233.jpg]
[www.kalik.net/mladost/images/BEN_8237.jpg]
[www.kalik.net/mladost/photogallery/photo00021256/BEN_8237.jpg]
[www.kalik.net/mladost/images/m.petrovic.jpg]
[www.kalik.net/mladost/photogallery/photo00021256/m.petrovic.jpg]
[www.kalik.net/mladost/photogallery/photo00021256/milapetrovic.jpg]
[www.kalik.net/mladost/images/BEN_8270.jpg]
[www.kalik.net/mladost/photogallery/photo00021256/BEN_8270.jpg]
[www.kalik.net/mladost/images/DSC00282.jpg]
[www.kalik.net/mladost/photogallery/photo00021256/DSC00282.jpg]
[www.kalik.net/mladost/images/DSC00436.jpg]
[www.kalik.net/mladost/photogallery/photo00021256/DSC00436.jpg]
[www.kalik.net/mladost/images/DSC00274.jpg]
[www.kalik.net/mladost/photogallery/photo00021256/DSC00274.jpg]
[www.kalik.net/mladost/images/DSC00208.jpg]
[www.kalik.net/mladost/photogallery/photo00021256/DSC00208.jpg]
[www.kalik.net/mladost/images/DSC00264.jpg]
[www.kalik.net/mladost/photogallery/photo00021256/DSC00264.jpg]
[www.kalik.net/mladost/images/DSC00278.jpg]
[www.kalik.net/mladost/photogallery/photo00021256/DSC00278.jpg]
[www.kalik.net/mladost/images/DSC00280.jpg]
[www.kalik.net/mladost/photogallery/photo00021256/DSC00280.jpg]
[www.kalik.net/mladost/images/DSC00295.jpg]
[www.kalik.net/mladost/photogallery/photo00021256/DSC00295.jpg]
[www.kalik.net/mladost/images/DSC00344.jpg]
[www.kalik.net/mladost/photogallery/photo00021256/DSC00344.jpg]
[www.kalik.net/mladost/images/DSC00379.jpg]
[www.kalik.net/mladost/photogallery/photo00021256/DSC00379.jpg]
[www.kalik.net/mladost/images/DSC00373.jpg]
[www.kalik.net/mladost/photogallery/photo00021256/DSC00373.jpg]
[www.kalik.net/mladost/images/DSC00390.jpg]
[www.kalik.net/mladost/photogallery/photo00021256/DSC00390.jpg]
[www.kalik.net/mladost/images/DSC00391.jpg]
[www.kalik.net/mladost/photogallery/photo00021256/DSC00391.jpg]
[www.kalik.net/mladost/images/DSC00401.jpg]
[www.kalik.net/mladost/photogallery/photo00021256/DSC00401.jpg]
[www.kalik.net/mladost/images/DSC00458.jpg]
[www.kalik.net/mladost/photogallery/photo00021256/DSC00458.jpg]
[www.kalik.net/mladost/Turska.html]
[www.kalik.net/mladost/_derived/SYS worlds.html_cmp_poetic010_bnr.gif]
[www.kalik.net/mladost/images/IMG_2126.jpg]
[www.kalik.net/mladost/photogallery/photo00007725/IMG_2126.jpg]
[www.kalik.net/mladost/images/IMG_2157.jpg]
[www.kalik.net/mladost/photogallery/photo00007725/IMG_2157.jpg]
[www.kalik.net/mladost/images/n4247.jpg]
[www.kalik.net/mladost/photogallery/photo00007725/n4247.jpg]
[www.kalik.net/mladost/photogallery/photo00007725/MLADOST synchronized skating.jpg]
[www.kalik.net/mladost/images/n4249.jpg]
[www.kalik.net/mladost/photogallery/photo00007725/n4249.jpg]
[www.kalik.net/mladost/images/n4250.jpg]
[www.kalik.net/mladost/photogallery/photo00007725/n4250.jpg]
[www.kalik.net/mladost/images/IMG_2187.jpg]
[www.kalik.net/mladost/photogallery/photo00007725/IMG_2187.jpg]
[www.kalik.net/mladost/images/IMG_2905.jpg]
[www.kalik.net/mladost/photogallery/photo00007725/IMG_2905.jpg]
[www.kalik.net/mladost/images/IMG_2912.jpg]
[www.kalik.net/mladost/photogallery/photo00007725/IMG_2912.jpg]
[www.kalik.net/mladost/photogallery/photo00007725/IMG_2913.jpg]
[www.kalik.net/mladost/photogallery/photo00007725/MLADOST synchronized skating-sinhrono klizanje.jpg]
[www.kalik.net/mladost/images/n4331.jpg]
[www.kalik.net/mladost/photogallery/photo00007725/n4331.jpg]
[www.kalik.net/mladost/photogallery/photo00007725/n4332.jpg]
[www.kalik.net/mladost/photogallery/photo00007725/MLADOST synchronized skating,sinhrono klizanje.jpg]
[www.kalik.net/mladost/images/IMG_2058.jpg]
[www.kalik.net/mladost/photogallery/photo00007725/IMG_2058.jpg]
[www.kalik.net/mladost/images/IMG_2061.jpg]
[www.kalik.net/mladost/photogallery/photo00007725/IMG_2061.jpg]
[www.kalik.net/mladost/images/IMG_2062.jpg]
[www.kalik.net/mladost/photogallery/photo00007725/IMG_2062.jpg]
[www.kalik.net/mladost/images/IMG_2063.jpg]
[www.kalik.net/mladost/photogallery/photo00007725/IMG_2063.jpg]
[www.kalik.net/mladost/images/IMG_2078.jpg]
[www.kalik.net/mladost/photogallery/photo00007725/IMG_2078.jpg]
[www.kalik.net/mladost/images/IMG_2086.jpg]
[www.kalik.net/mladost/photogallery/photo00007725/IMG_2086.jpg]
[www.kalik.net/mladost/images/IMG_2105.jpg]
[www.kalik.net/mladost/photogallery/photo00007725/IMG_2105.jpg]
[www.kalik.net/mladost/images/IMG_2886.jpg]
[www.kalik.net/mladost/photogallery/photo00007725/IMG_2886.jpg]
[www.kalik.net/mladost/images/IMG_2143.jpg]
[www.kalik.net/mladost/photogallery/photo00007725/IMG_2143.jpg]
[www.kalik.net/mladost/images/IMG_2194.jpg]
[www.kalik.net/mladost/photogallery/photo00007725/IMG_2194.jpg]
[www.kalik.net/mladost/images/IMG_2198.jpg]
[www.kalik.net/mladost/photogallery/photo00007725/IMG_2198.jpg]
[www.kalik.net/mladost/images/IMG_2201.jpg]
[www.kalik.net/mladost/photogallery/photo00007725/IMG_2201.jpg]
[www.kalik.net/mladost/images/IMG_2204.jpg]
[www.kalik.net/mladost/photogallery/photo00007725/IMG_2204.jpg]
[www.kalik.net/mladost/images/IMG_2918.jpg]
[www.kalik.net/mladost/photogallery/photo00007725/IMG_2918.jpg]
[www.kalik.net/mladost/images/IMG_2924.jpg]
[www.kalik.net/mladost/photogallery/photo00007725/IMG_2924.jpg]
[www.kalik.net/mladost/images/IMG_2205.jpg]
[www.kalik.net/mladost/photogallery/photo00007725/IMG_2205.jpg]
[www.kalik.net/mladost/images/IMG_2207.jpg]
[www.kalik.net/mladost/photogallery/photo00007725/IMG_2207.jpg]
[www.kalik.net/mladost/images/IMG_2197.jpg]
[www.kalik.net/mladost/photogallery/photo00007725/IMG_2197.jpg]
[www.kalik.net/mladost/images/IMG_2874.jpg]
[www.kalik.net/mladost/photogallery/photo00007725/IMG_2874.jpg]
[www.kalik.net/mladost/SYS worlds.html]
[www.kalik.net/mladost/_derived/SvJun2008.htm_cmp_poetic010_bnr.gif]
[www.kalik.net/mladost/images/mila petrovic.jpg]
[www.kalik.net/mladost/photogallery/photo00025692/mila petrovic.jpg]
[www.kalik.net/mladost/images/IMG_2846.jpg]
[www.kalik.net/mladost/photogallery/photo00025692/IMG_2846.jpg]
[www.kalik.net/mladost/images/2008junior_world-mila petrovic, ljubov petrovic.jpg]
[www.kalik.net/mladost/photogallery/photo00025692/2008junior_world-mila petrovic, ljubov petrovic.jpg]
[www.kalik.net/mladost/images/IMG_2712.jpg]
[www.kalik.net/mladost/photogallery/photo00025692/IMG_2712.jpg]
[www.kalik.net/mladost/images/IMG_2731.jpg]
[www.kalik.net/mladost/photogallery/photo00025692/IMG_2731.jpg]
[www.kalik.net/mladost/images/IMG_2732.jpg]
[www.kalik.net/mladost/photogallery/photo00025692/IMG_2732.jpg]
[www.kalik.net/mladost/images/IMG_2773.jpg]
[www.kalik.net/mladost/photogallery/photo00025692/IMG_2773.jpg]
[www.kalik.net/mladost/images/IMG_2776.jpg]
[www.kalik.net/mladost/photogallery/photo00025692/IMG_2776.jpg]
[www.kalik.net/mladost/images/IMG_2811.jpg]
[www.kalik.net/mladost/photogallery/photo00025692/IMG_2811.jpg]
[www.kalik.net/mladost/images/IMG_2812.jpg]
[www.kalik.net/mladost/photogallery/photo00025692/IMG_2812.jpg]
[www.kalik.net/mladost/images/IMG_2821.jpg]
[www.kalik.net/mladost/photogallery/photo00025692/IMG_2821.jpg]
[www.kalik.net/mladost/images/P30297.jpg]
[www.kalik.net/mladost/photogallery/photo00025692/P30297.jpg]
[www.kalik.net/mladost/images/IMG_2737.jpg]
[www.kalik.net/mladost/photogallery/photo00025692/IMG_2737.jpg]
[www.kalik.net/mladost/SvJun2008.html]
[www.kalik.net/mladost/_derived/zagrebsnowflakes08.html_cmp_poetic010_bnr.gif]
[www.kalik.net/mladost/images/DSC07394.jpg]
[www.kalik.net/mladost/photogallery/photo00031130/DSC07394.jpg]
[www.kalik.net/mladost/images/DSC07553.jpg]
[www.kalik.net/mladost/photogallery/photo00031130/DSC07553.jpg]
[www.kalik.net/mladost/images/DSC07562.jpg]
[www.kalik.net/mladost/photogallery/photo00031130/DSC07562.jpg]
[www.kalik.net/mladost/images/DSC07570.jpg]
[www.kalik.net/mladost/photogallery/photo00031130/DSC07570.jpg]
[www.kalik.net/mladost/images/DSC07578.jpg]
[www.kalik.net/mladost/photogallery/photo00031130/DSC07578.jpg]
[www.kalik.net/mladost/images/DSC07587.jpg]
[www.kalik.net/mladost/photogallery/photo00031130/DSC07587.jpg]
[www.kalik.net/mladost/images/DSC07611.jpg]
[www.kalik.net/mladost/photogallery/photo00031130/DSC07611.jpg]
[www.kalik.net/mladost/images/DSC07615.jpg]
[www.kalik.net/mladost/photogallery/photo00031130/DSC07615.jpg]
[www.kalik.net/mladost/images/DSC07646.jpg]
[www.kalik.net/mladost/photogallery/photo00031130/DSC07646.jpg]
[www.kalik.net/mladost/images/DSC07664.jpg]
[www.kalik.net/mladost/photogallery/photo00031130/DSC07664.jpg]
[www.kalik.net/mladost/images/DSC07722.jpg]
[www.kalik.net/mladost/photogallery/photo00031130/DSC07722.jpg]
[www.kalik.net/mladost/images/DSC07816.jpg]
[www.kalik.net/mladost/photogallery/photo00031130/DSC07816.jpg]
[www.kalik.net/mladost/images/DSC07826.jpg]
[www.kalik.net/mladost/photogallery/photo00031130/DSC07826.jpg]
[www.kalik.net/mladost/images/DSC07633.jpg]
[www.kalik.net/mladost/photogallery/photo00031130/DSC07633.jpg]
[www.kalik.net/mladost/images/DSC07833.jpg]
[www.kalik.net/mladost/photogallery/photo00031130/DSC07833.jpg]
[www.kalik.net/mladost/images/mladost ice cubes synchro skating sinhrono klizanje.jpg]
[www.kalik.net/mladost/photogallery/photo00031130/mladost ice cubes synchro skating sinhrono klizanje.jpg]
[www.kalik.net/mladost/images/mladost synchro skating ice cubes.jpg]
[www.kalik.net/mladost/photogallery/photo00031130/mladost synchro skating ice cubes.jpg]
[www.kalik.net/mladost/images/DSC07853.jpg]
[www.kalik.net/mladost/photogallery/photo00031130/DSC07853.jpg]
[www.kalik.net/mladost/images/DSC07857.jpg]
[www.kalik.net/mladost/photogallery/photo00031130/DSC07857.jpg]
[www.kalik.net/mladost/images/icecubes2.jpg]
[www.kalik.net/mladost/photogallery/photo00031130/icecubes2.jpg]
[www.kalik.net/mladost/images/icecubes3.jpg]
[www.kalik.net/mladost/photogallery/photo00031130/icecubes3.jpg]
[www.kalik.net/mladost/images/icecubes4.jpg]
[www.kalik.net/mladost/photogallery/photo00031130/icecubes4.jpg]
[www.kalik.net/mladost/images/icecubes5.jpg]
[www.kalik.net/mladost/photogallery/photo00031130/icecubes5.jpg]
[www.kalik.net/mladost/images/IMG_2013.jpg]
[www.kalik.net/mladost/photogallery/photo00031130/IMG_2013.jpg]
[www.kalik.net/mladost/images/IMG_2040.jpg]
[www.kalik.net/mladost/photogallery/photo00031130/IMG_2040.jpg]
[www.kalik.net/mladost/photogallery/photo00031130/IMG_2861.jpg]
[www.kalik.net/mladost/images/DSC07868.jpg]
[www.kalik.net/mladost/photogallery/photo00031130/DSC07868.jpg]
[www.kalik.net/mladost/images/DSC07870.jpg]
[www.kalik.net/mladost/photogallery/photo00031130/DSC07870.jpg]
[www.kalik.net/mladost/zagrebsnowflakes08.html]
[www.kalik.net/mladost/_derived/Drzavno06.html_cmp_poetic010_bnr.gif]
[www.kalik.net/mladost/images/drzavno-debs.jpg]
[www.kalik.net/mladost/photogallery/photo00015453/drzavno-debs.jpg]
[www.kalik.net/mladost/images/drzavno-springs.jpg]
[www.kalik.net/mladost/photogallery/photo00015453/drzavno-springs.jpg]
[www.kalik.net/mladost/images/ICE_013.jpg]
[www.kalik.net/mladost/photogallery/photo00015453/ICE_013.jpg]
[www.kalik.net/mladost/images/ICE_015.jpg]
[www.kalik.net/mladost/photogallery/photo00015453/ICE_015.jpg]
[www.kalik.net/mladost/images/ICE_016.jpg]
[www.kalik.net/mladost/photogallery/photo00015453/ICE_016.jpg]
[www.kalik.net/mladost/images/ICE_028.jpg]
[www.kalik.net/mladost/photogallery/photo00015453/ICE_028.jpg]
[www.kalik.net/mladost/images/ICE_029.jpg]
[www.kalik.net/mladost/photogallery/photo00015453/ICE_029.jpg]
[www.kalik.net/mladost/images/ICE_032.jpg]
[www.kalik.net/mladost/photogallery/photo00015453/ICE_032.jpg]
[www.kalik.net/mladost/images/ICE_039.jpg]
[www.kalik.net/mladost/photogallery/photo00015453/ICE_039.jpg]
[www.kalik.net/mladost/images/ICE_043.jpg]
[www.kalik.net/mladost/photogallery/photo00015453/ICE_043.jpg]
[www.kalik.net/mladost/images/ICE_051.jpg]
[www.kalik.net/mladost/photogallery/photo00015453/ICE_051.jpg]
[www.kalik.net/mladost/images/ICE_065.jpg]
[www.kalik.net/mladost/photogallery/photo00015453/ICE_065.jpg]
[www.kalik.net/mladost/images/ICE_080.jpg]
[www.kalik.net/mladost/photogallery/photo00015453/ICE_080.jpg]
[www.kalik.net/mladost/images/ICE_095.jpg]
[www.kalik.net/mladost/photogallery/photo00015453/ICE_095.jpg]
[www.kalik.net/mladost/images/kkk mladost drzavno.jpg]
[www.kalik.net/mladost/photogallery/photo00015453/kkk mladost drzavno.jpg]
[www.kalik.net/mladost/Drzavno06.html]
[www.kalik.net/mladost/_derived/miskolc06.html_cmp_poetic010_bnr.gif]
[www.kalik.net/mladost/photogallery/photo00004578/5.jpg]
[www.kalik.net/mladost/images/MLADOST sinhrono klizanje, synchro skating.jpg]
[www.kalik.net/mladost/photogallery/photo00004578/MLADOST sinhrono klizanje, synchro skating.jpg]
[www.kalik.net/mladost/images/P1020357.jpg]
[www.kalik.net/mladost/photogallery/photo00004578/P1020357.jpg]
[www.kalik.net/mladost/images/P1020358.jpg]
[www.kalik.net/mladost/photogallery/photo00004578/P1020358.jpg]
[www.kalik.net/mladost/images/P1020364.jpg]
[www.kalik.net/mladost/photogallery/photo00004578/P1020364.jpg]
[www.kalik.net/mladost/images/P1020374.jpg]
[www.kalik.net/mladost/photogallery/photo00004578/P1020374.jpg]
[www.kalik.net/mladost/images/P1020375.jpg]
[www.kalik.net/mladost/photogallery/photo00004578/P1020375.jpg]
[www.kalik.net/mladost/images/IMG_0432.jpg]
[www.kalik.net/mladost/photogallery/photo00004578/IMG_0432.jpg]
[www.kalik.net/mladost/images/P1010086.jpg]
[www.kalik.net/mladost/photogallery/photo00004578/P1010086.jpg]
[www.kalik.net/mladost/images/P1020377.jpg]
[www.kalik.net/mladost/photogallery/photo00004578/P1020377.jpg]
[www.kalik.net/mladost/images/P1020372.jpg]
[www.kalik.net/mladost/photogallery/photo00004578/P1020372.jpg]
[www.kalik.net/mladost/miskolc06.html]
[www.kalik.net/mladost/_derived/sekes04.html_cmp_poetic010_bnr.gif]
[www.kalik.net/mladost/images/114_1434.jpg]
[www.kalik.net/mladost/photogallery/photo00009612/114_1434.jpg]
[www.kalik.net/mladost/images/114_1435.jpg]
[www.kalik.net/mladost/photogallery/photo00009612/114_1435.jpg]
[www.kalik.net/mladost/images/114_1439.jpg]
[www.kalik.net/mladost/photogallery/photo00009612/114_1439.jpg]
[www.kalik.net/mladost/images/114_1451.jpg]
[www.kalik.net/mladost/photogallery/photo00009612/114_1451.jpg]
[www.kalik.net/mladost/images/114_1488.jpg]
[www.kalik.net/mladost/photogallery/photo00009612/114_1488.jpg]
[www.kalik.net/mladost/images/115_1515.jpg]
[www.kalik.net/mladost/photogallery/photo00009612/115_1515.jpg]
[www.kalik.net/mladost/images/115_1518.jpg]
[www.kalik.net/mladost/photogallery/photo00009612/115_1518.jpg]
[www.kalik.net/mladost/images/115_1521.jpg]
[www.kalik.net/mladost/photogallery/photo00009612/115_1521.jpg]
[www.kalik.net/mladost/images/115_1524.jpg]
[www.kalik.net/mladost/photogallery/photo00009612/115_1524.jpg]
[www.kalik.net/mladost/images/115_1527.jpg]
[www.kalik.net/mladost/photogallery/photo00009612/115_1527.jpg]
[www.kalik.net/mladost/images/115_1529.jpg]
[www.kalik.net/mladost/photogallery/photo00009612/115_1529.jpg]
[www.kalik.net/mladost/images/115_1533.jpg]
[www.kalik.net/mladost/photogallery/photo00009612/115_1533.jpg]
[www.kalik.net/mladost/images/115_1545.jpg]
[www.kalik.net/mladost/photogallery/photo00009612/115_1545.jpg]
[www.kalik.net/mladost/sekes04.html]
[www.kalik.net/mladost/_derived/Kiev04.html_cmp_poetic010_bnr.gif]
[www.kalik.net/mladost/images/maja 024.jpg]
[www.kalik.net/mladost/photogallery/photo00009569/maja 024.jpg]
[www.kalik.net/mladost/images/maja 026.jpg]
[www.kalik.net/mladost/photogallery/photo00009569/maja 026.jpg]
[www.kalik.net/mladost/images/maja 072.jpg]
[www.kalik.net/mladost/photogallery/photo00009569/maja 072.jpg]
[www.kalik.net/mladost/images/maja 094.jpg]
[www.kalik.net/mladost/photogallery/photo00009569/maja 094.jpg]
[www.kalik.net/mladost/Kiev04.html]
[www.kalik.net/mladost/_derived/rumunija04.html_cmp_poetic010_bnr.gif]
[www.kalik.net/mladost/images/P1020100.jpg]
[www.kalik.net/mladost/photogallery/photo00023925/P1020100.jpg]
[www.kalik.net/mladost/images/P1050103.jpg]
[www.kalik.net/mladost/photogallery/photo00023925/P1050103.jpg]
[www.kalik.net/mladost/images/P1050111.jpg]
[www.kalik.net/mladost/photogallery/photo00023925/P1050111.jpg]
[www.kalik.net/mladost/images/album.jpg]
[www.kalik.net/mladost/photogallery/photo00023925/album.jpg]
[www.kalik.net/mladost/images/P1050104.jpg]
[www.kalik.net/mladost/photogallery/photo00023925/P1050104.jpg]
[www.kalik.net/mladost/rumunija04.html]
[www.kalik.net/mladost/photogallery/photo00006512/real_p.html]
[www.kalik.net/mladost/photogallery/photo00006512/real_x.html]
[www.kalik.net/mladost/photogallery/photo00020793/real_p.html]
[www.kalik.net/mladost/photogallery/photo00020793/real_x.html]
[www.kalik.net/mladost/photogallery/photo00008733/real_p.html]
[www.kalik.net/mladost/photogallery/photo00008733/real_x.html]
[www.kalik.net/mladost/photogallery/photo00015080/real_p.html]
[www.kalik.net/mladost/photogallery/photo00015080/real_x.html]
[www.kalik.net/mladost/photogallery/photo00026011/real_p.html]
[www.kalik.net/mladost/photogallery/photo00026011/real_x.html]
[www.kalik.net/mladost/photogallery/photo00013177/real_p.html]
[www.kalik.net/mladost/photogallery/photo00013177/real_x.html]
[www.kalik.net/mladost/photogallery/photo00015844/real_p.html]
[www.kalik.net/mladost/photogallery/photo00015844/real_x.html]
[www.kalik.net/mladost/photogallery/photo00001008/real_p.html]
[www.kalik.net/mladost/photogallery/photo00001008/real_x.html]
[www.kalik.net/mladost/photogallery/photo00001531/real_p.html]
[www.kalik.net/mladost/photogallery/photo00001531/real_x.html]
[www.kalik.net/mladost/photogallery/photo00012794/real_p.html]
[www.kalik.net/mladost/photogallery/photo00012794/real_x.html]
[www.kalik.net/mladost/photogallery/photo00005543/real_p.html]
[www.kalik.net/mladost/photogallery/photo00005543/real_x.html]
[www.kalik.net/mladost/photogallery/photo00020642/real_p.html]
[www.kalik.net/mladost/photogallery/photo00020642/real_x.html]
[www.kalik.net/mladost/photogallery/photo00019535/real_p.html]
[www.kalik.net/mladost/photogallery/photo00019535/real_x.html]
[www.kalik.net/mladost/photogallery/photo00028745/real_p.html]
[www.kalik.net/mladost/photogallery/photo00028745/real_x.html]
[www.kalik.net/mladost/photogallery/photo00025421/real_p.html]
[www.kalik.net/mladost/photogallery/photo00025421/real_x.html]
[www.kalik.net/mladost/photogallery/photo00012381/real_p.html]
[www.kalik.net/mladost/photogallery/photo00012381/real_x.html]
[www.kalik.net/mladost/photogallery/photo00027745/real_p.html]
[www.kalik.net/mladost/photogallery/photo00027745/real_x.html]
[www.kalik.net/mladost/photogallery/photo00007645/real_p.html]
[www.kalik.net/mladost/photogallery/photo00007645/real_x.html]
[www.kalik.net/mladost/photogallery/photo00021256/real_p.html]
[www.kalik.net/mladost/photogallery/photo00021256/real_x.html]
[www.kalik.net/mladost/images/milapetrovic.html]
[www.kalik.net/mladost/photogallery/photo00007725/real_p.html]
[www.kalik.net/mladost/photogallery/photo00007725/real_x.html]
[www.kalik.net/mladost/photogallery/photo00025692/real_p.html]
[www.kalik.net/mladost/photogallery/photo00025692/real_x.html]
[www.kalik.net/mladost/photogallery/photo00031130/real_p.html]
[www.kalik.net/mladost/photogallery/photo00031130/real_x.html]
[www.kalik.net/mladost/images/IMG_2861.html]
[www.kalik.net/mladost/photogallery/photo00015453/real_p.html]
[www.kalik.net/mladost/photogallery/photo00015453/real_x.html]
[www.kalik.net/mladost/images/drzavno-novice;1-mila petrovic;2-mia gastan.html]
[www.kalik.net/mladost/photogallery/photo00015453/drzavno-novice;1-mila petrovic;2-mia gastan.html]
[www.kalik.net/mladost/photogallery/photo00004578/real_p.html]
[www.kalik.net/mladost/photogallery/photo00004578/real_x.html]
[www.kalik.net/mladost/photogallery/photo00009612/real_p.html]
[www.kalik.net/mladost/photogallery/photo00009612/real_x.html]
[www.kalik.net/mladost/photogallery/photo00009569/real_p.html]
[www.kalik.net/mladost/photogallery/photo00009569/real_x.html]
[www.kalik.net/mladost/photogallery/photo00023925/real_p.html]
[www.kalik.net/mladost/photogallery/photo00023925/real_x.html]
